> Success to add the new todo.
The TODO List contains the following elements:

  ID  Completed   Name
   1     [ ]      new todo
