Todo with id 1 deleted.
The database is empty. Add new todos using the `add` command.
