The database is empty. Use the `add` command to add a new todo.
