The todo with id 1 was edited.
The TODO List contains the following elements:

  ID  Completed   Name
   1     [ ]      todo edited
