A simple todo CLI created in rust

Usage: todo-cli-3.exe <COMMAND>

Commands:
  add     Add a new todo
  delete
  edit
  list
  help    Print this message or the help of the given subcommand(s)

Options:
  -h, --help     Print help
  -V, --version  Print version
