The TODO List contains the following elements:

  ID  Completed   Name
