The database is empty. Add new todos using the `add` command.
